00000000-00000000 : Reserved
00000000-00000000 : System RAM
00000000-00000000 : Reserved
00000000-00000000 : System ROM
00000000-00000000 : ACPI Tables
00000000-00000000 : System RAM
  00000000-00000000 : Kernel code
  00000000-00000000 : Kernel rodata
  00000000-00000000 : Kernel data
  00000000-00000000 : Kernel bss
00000000-00000000 : 31c56e56-e172-4851-b1e8-ba2965b60a03
00000000-00000000 : 66e13a3d-3157-4941-8967-09a9c6aadc48
00000000-00000000 : de2704bf-9990-42bd-96c4-64ec4a75925c
00000000-00000000 : 72c92419-ec03-4ded-b5bf-dd37312b3c9c
00000000-00000000 : cb43b7df-1cd5-4b00-bfb6-8977347bf484
00000000-00000000 : b65686a8-6c6f-48c7-ac4b-079c591a5a79
00000000-00000000 : d2b3386c-bd32-428d-abef-026fa6a90acd
00000000-00000000 : 6e090451-05f4-4135-a3bf-e94984ec3028
00000000-00000000 : PNP0003:00
00000000-00000000 : Local APIC
  00000000-00000000 : PNP0003:00
00000000-00000000 : System RAM
00000000-00000000 : 31c56e56-e172-4851-b1e8-ba2965b60a03
  00000000-00000000 : e172:00:00.0
    00000000-00000000 : virtio-pci-modern
  00000000-00000000 : e172:00:00.0
  00000000-00000000 : e172:00:00.0
    00000000-00000000 : virtio-pci-modern
00000000-00000000 : de2704bf-9990-42bd-96c4-64ec4a75925c
  00000000-00000000 : 9990:00:00.0
    00000000-00000000 : virtio-pci-modern
  00000000-00000000 : 9990:00:00.0
  00000000-00000000 : 9990:00:00.0
    00000000-00000000 : virtio-pci-modern
00000000-00000000 : cb43b7df-1cd5-4b00-bfb6-8977347bf484
  00000000-00000000 : 1cd5:00:00.0
    00000000-00000000 : virtio-pci-modern
  00000000-00000000 : 1cd5:00:00.0
  00000000-00000000 : 1cd5:00:00.0
    00000000-00000000 : virtio-pci-modern
00000000-00000000 : b65686a8-6c6f-48c7-ac4b-079c591a5a79
  00000000-00000000 : 6c6f:00:00.0
    00000000-00000000 : virtio-pci-modern
  00000000-00000000 : 6c6f:00:00.0
  00000000-00000000 : 6c6f:00:00.0
    00000000-00000000 : virtio-pci-modern
00000000-00000000 : 711dad3a-73ce-468b-90a9-ede6906841b2
00000000-00000000 : d2b3386c-bd32-428d-abef-026fa6a90acd
  00000000-00000000 : bd32:00:00.0
    00000000-00000000 : virtio-pci-modern
  00000000-00000000 : bd32:00:00.0
  00000000-00000000 : bd32:00:00.0
    00000000-00000000 : virtio-pci-modern
00000000-00000000 : 6e090451-05f4-4135-a3bf-e94984ec3028
  00000000-00000000 : 05f4:00:00.0
    00000000-00000000 : virtio-pci-modern
  00000000-00000000 : 05f4:00:00.0
  00000000-00000000 : 05f4:00:00.0
    00000000-00000000 : virtio-pci-modern
00000000-00000000 : 72c92419-ec03-4ded-b5bf-dd37312b3c9c
  00000000-00000000 : ec03:00:00.0
    00000000-00000000 : virtio2
  00000000-00000000 : ec03:00:00.0
    00000000-00000000 : virtio-pci-modern
  00000000-00000000 : ec03:00:00.0
